// Jest Snapshot v1, https://goo.gl/fbAQLP

exports[`renders welcome message 1`] = `
<div>
  <section
    style="background-color: rgb(254, 245, 240); border-radius: 5px; box-shadow: 0 2px 1px rgba(0,0,0,.08); color: darkgray; font-family: sans-serif; font-size: 0.9em; font-weight: bold; font-variant: all-small-caps; display: flex; flex-direction: column; justify-content: space-between; box-sizing: border-box; padding: 1.5em; margin: 20px; width: 420px; height: 240px;"
  >
    <section
      style="display: flex; align-items: flex-start; flex-direction: column;"
    >
      <h1
        style="color: rgb(89, 80, 75); font-size: 1.8em; margin-block-end: 0; margin-block-start: 0;"
      >
        Mariana Napolitani
      </h1>
      <div>
        Broker
      </div>
    </section>
    <section
      style="display: flex; align-items: flex-end; flex-direction: column;"
    >
      <div>
        Call: 
        (02) 9804 11234
      </div>
      <div>
        Visit: 
        Unit 5, 23 Market St, Sydney, NSW, 2000
      </div>
      <div>
        Email: 
        <span
          style="font-variant: unset;"
        >
          mariana@myestate.com
        </span>
      </div>
      <div>
        Click: 
        www.myestate.com
      </div>
    </section>
  </section>
</div>
`;
