// Jest Snapshot v1, https://goo.gl/fbAQLP

exports[`renders 1`] = `
<div>
  <div>
    <label
      style="color: rgb(44, 44, 44); display: block; font-size: 1.35rem; font-family: 'Arial Narrow', sans-serif, sans-serif-condensed; margin-bottom: 1em;"
    >
      <div
        style="float: left; margin-bottom: 0.25em;"
      >
        Postcode
      </div>
      <div>
        <input
          name="postcode"
          style="border: 1px solid #d5d5d5; border-radius: 3px; font-family: Arial, sans-serif; font-size: 18px; padding: 0.5em; width: 13em;"
          type="tel"
          value="1234"
        />
      </div>
    </label>
  </div>
</div>
`;
